==== oss120-cels-vllm014 (oss120) START Sat Jul  4 08:52:04 CDT 2026 ====
[P1] stats CLI
P1: PASS
[P2] LRU cache + bundled tests
P2: PASS
[P3] Roman numerals iterate-until-green
P3: PASS green in 2
[P4] stable softmax vs oracle
P4: PASS in 3
[P5] matmul GFLOP/s
P5: round 2 -> 33.2675 GFLOP/s
P5: PASS 33.2675 GFLOP/s
[P6] reproducible FP reduction
P6: PASS critic+verifier in 1
[P7] parallel backends fan-out
P7: PASS
[P8] ODE convergence + reflection
P8: PASS in 2
P8: memory.md     2362->    2471 bytes
[P9] levenshtein tournament best-of-4
P9: cand_1 score=14.514
P9: cand_2 score=13.826
P9: cand_3 score=14.980
P9: cand_4 score=0
P9: PASS champion=cand_3 @ 14.980
[P10] prime sieve capstone
P10: cand_1 verdict= score=27.7892
P10: cand_2 verdict=CLEAN score=37.2959
P10: cand_3 verdict=CLEAN score=38.2109
P10: PASS champion=cand_3 @ 38.2109
[P11] balanced parens iterate-until-green
P11: PASS green in 2
[P12] base-N conversion oracle
P12: PASS in 2
[P13] mini-JSON parser iterate-until-green
P13: PASS green in 2
[P14] weighted Dijkstra vs BFS-ref oracle
P14: PASS in 2
[P15] word-frequency top-k measurement (Mtok/s)
P15: round 1 -> 0.1171 Mtok/s
P15: round 2 -> 29.6412 Mtok/s
P15: PASS 29.6412 Mtok/s
[P16] thread-safe counter generator+critic
P16: PASS critic+verifier in 1
[P17] serializer fan-out (csv/kv/pylit + codec)
P17: PASS
[P18] Welford online variance reflection
P18: PASS in 2
[P19] fast-doubling Fibonacci tournament
P19: cand_1 score=180.1829
P19: cand_2 score=0
P19: cand_3 score=202.3370
P19: cand_4 score=196.9360
P19: PASS champion=cand_3 @ 202.3370
[P20] TTL-LRU with injected clock iterate-until-green
P20: PASS green in 2
[P21] interval merge oracle
P21: PASS in 2
[P22] toposort + cycle detect iterate-until-green
P22: PASS green in 2
[P23] prime-count sieve measurement (Mn/s)
P23: round 1 -> 0.1487 Mn/s
P23: round 2 -> 127.9359 Mn/s
P23: PASS 127.9359 Mn/s
[P24] token-bucket rate limiter generator+critic
P24: PASS verifier (critic not satisfied)
[P25] 3-stage stats pipeline fan-out
P25: PASS
[P26] Newton sqrt to full precision reflection
P26: PASS in 2
[P27] overlapping substring count tournament
P27: cand_1 score=0.2151
P27: cand_2 score=0.0840
P27: cand_3 score=0.2780
P27: cand_4 score=0.0746
P27: PASS champion=cand_3 @ 0.2780
[P28] matrix determinant vs numpy oracle
P28: PASS in 2
[P29] precedence calculator (no eval) iterate-until-green
P29: PASS green in 2
[P30] sort-kernel capstone tournament + critic + bench
P30: cand_1 verdict=CLEAN score=6.5649
P30: cand_2 verdict= score=6.6664
P30: cand_3 verdict= score=6.7359
P30: PASS champion=cand_3 @ 6.7359
==== oss120-cels-vllm014 DONE Sat Jul  4 09:01:14 CDT 2026 ====
===== SUMMARY (oss120-cels-vllm014 / oss120) =====
P1: PASS
P2: PASS
P3: PASS green in 2
P4: PASS in 3
P5: PASS 33.2675 GFLOP/s
P6: PASS critic+verifier in 1
P7: PASS
P8: PASS in 2
P9: PASS champion=cand_3 @ 14.980
P10: PASS champion=cand_3 @ 38.2109
P11: PASS green in 2
P12: PASS in 2
P13: PASS green in 2
P14: PASS in 2
P15: PASS 29.6412 Mtok/s
P16: PASS critic+verifier in 1
P17: PASS
P18: PASS in 2
P19: PASS champion=cand_3 @ 202.3370
P20: PASS green in 2
P21: PASS in 2
P22: PASS green in 2
P23: PASS 127.9359 Mn/s
P24: PASS verifier (critic not satisfied)
P25: PASS
P26: PASS in 2
P27: PASS champion=cand_3 @ 0.2780
P28: PASS in 2
P29: PASS green in 2
P30: PASS champion=cand_3 @ 6.7359
SCORE: 30/30 passed
