==== spark95-nemotron3super120b (nemotron-3-super:120b) START Sat Jul  4 09:34:12 CDT 2026 ====
[P1] stats CLI
P1: FAIL
[P2] LRU cache + bundled tests
P2: FAIL
[P3] Roman numerals iterate-until-green
P3: FAIL after 8
[P4] stable softmax vs oracle
P4: FAIL after 6
[P5] matmul GFLOP/s
[P6] reproducible FP reduction
P6: FAIL
[P7] parallel backends fan-out
P7: FAIL
[P8] ODE convergence + reflection
P8: FAIL after 6
P8: memory.md      279->     279 bytes
[P9] levenshtein tournament best-of-4
P9: FAIL no correct candidate
[P10] prime sieve capstone
P10: FAIL no correct candidate
[P11] balanced parens iterate-until-green
P11: FAIL after 5
[P12] base-N conversion oracle
P12: FAIL after 5
[P13] mini-JSON parser iterate-until-green
P13: FAIL after 6
[P14] weighted Dijkstra vs BFS-ref oracle
P14: FAIL after 5
[P15] word-frequency top-k measurement (Mtok/s)
P15: round 1 -> 0.1198 Mtok/s
P15: round 2 -> 0.1222 Mtok/s
P15: round 3 -> 0.1184 Mtok/s
P15: round 4 -> 0.1224 Mtok/s
P15: round 5 -> 0.1225 Mtok/s
P15: round 6 -> 0.1216 Mtok/s
P15: STOP budget best=0.1225
[P16] thread-safe counter generator+critic
P16: FAIL
[P17] serializer fan-out (csv/kv/pylit + codec)
P17: FAIL
[P18] Welford online variance reflection
P18: FAIL after 5
[P19] fast-doubling Fibonacci tournament
P19: FAIL no correct candidate
[P20] TTL-LRU with injected clock iterate-until-green
P20: FAIL after 5
[P21] interval merge oracle
P21: FAIL after 5
[P22] toposort + cycle detect iterate-until-green
P22: FAIL after 5
[P23] prime-count sieve measurement (Mn/s)
P23: round 1 -> 0.1513 Mn/s
P23: round 2 -> 0.1466 Mn/s
P23: round 3 -> 0.1525 Mn/s
P23: round 4 -> 0.1490 Mn/s
P23: round 5 -> 0.1517 Mn/s
P23: STOP plateau best=0.1525
[P24] token-bucket rate limiter generator+critic
P24: FAIL
[P25] 3-stage stats pipeline fan-out
P25: FAIL
[P26] Newton sqrt to full precision reflection
P26: FAIL after 5
[P27] overlapping substring count tournament
P27: FAIL no correct candidate
[P28] matrix determinant vs numpy oracle
P28: FAIL after 5
[P29] precedence calculator (no eval) iterate-until-green
P29: FAIL after 6
[P30] sort-kernel capstone tournament + critic + bench
P30: FAIL no correct candidate
==== spark95-nemotron3super120b DONE Sat Jul  4 09:37:21 CDT 2026 ====
===== SUMMARY (spark95-nemotron3super120b / nemotron-3-super:120b) =====
P1: FAIL
P2: FAIL
P3: FAIL after 8
P4: FAIL after 6
P6: FAIL
P7: FAIL
P8: FAIL after 6
P9: FAIL no correct candidate
P10: FAIL no correct candidate
P11: FAIL after 5
P12: FAIL after 5
P13: FAIL after 6
P14: FAIL after 5
P15: STOP budget best=0.1225
P16: FAIL
P17: FAIL
P18: FAIL after 5
P19: FAIL no correct candidate
P20: FAIL after 5
P21: FAIL after 5
P22: FAIL after 5
P23: STOP plateau best=0.1525
P24: FAIL
P25: FAIL
P26: FAIL after 5
P27: FAIL no correct candidate
P28: FAIL after 5
P29: FAIL after 6
P30: FAIL no correct candidate
SCORE: 0/30 passed
