[resume] carrying 9 prior PASS problems: P10 P9 P8 P5 P7 P6 P1 P3 P2
==== fleet-gemma4-31b-20260705-2040 (gemma4-31b) START Sun Jul  5 22:33:52 CDT 2026 ====
P1: PASS  [resumed-skip]  [resumed-skip]
P2: PASS  [resumed-skip]  [resumed-skip]
P3: PASS green in 2  [resumed-skip]  [resumed-skip]
[P4] stable softmax vs oracle
P4: FAIL after 6
P5: PASS 34.9116 GFLOP/s  [resumed-skip]
P6: PASS critic+verifier in 1  [resumed-skip]
P7: PASS  [resumed-skip]
P8: PASS in 2  [resumed-skip]
P9: PASS champion=cand_1 @ 12.880  [resumed-skip]
P10: PASS champion=cand_2 @ 36.0729  [resumed-skip]
[P11] balanced parens iterate-until-green
P11: PASS green in 2
[P12] base-N conversion oracle
P12: PASS in 2
[P13] mini-JSON parser iterate-until-green
P13: PASS green in 2
[P14] weighted Dijkstra vs BFS-ref oracle
P14: PASS in 2
[P15] word-frequency top-k measurement (Mtok/s)
P15: round 1 -> 0.1219 Mtok/s
P15: round 2 -> 25.7415 Mtok/s
P15: PASS 25.7415 Mtok/s
[P16] thread-safe counter generator+critic
P16: PASS critic+verifier in 2
[P17] serializer fan-out (csv/kv/pylit + codec)
P17: PASS
[P18] Welford online variance reflection
P18: PASS in 2
[P19] fast-doubling Fibonacci tournament
P19: cand_4 score=197.1933
P19: PASS champion=cand_4 @ 197.1933
[P20] TTL-LRU with injected clock iterate-until-green
P20: PASS green in 2
[P21] interval merge oracle
P21: PASS in 2
[P22] toposort + cycle detect iterate-until-green
P22: PASS green in 2
[P23] prime-count sieve measurement (Mn/s)
P23: round 1 -> 0.1490 Mn/s
P23: round 2 -> 218.8104 Mn/s
P23: PASS 218.8104 Mn/s
[P24] token-bucket rate limiter generator+critic
P24: PASS critic+verifier in 3
[P25] 3-stage stats pipeline fan-out
P25: PASS
[P26] Newton sqrt to full precision reflection
P26: PASS in 2
[P27] overlapping substring count tournament
P27: cand_2 score=0.3401
P27: cand_3 score=0.3338
P27: PASS champion=cand_2 @ 0.3401
[P28] matrix determinant vs numpy oracle
P28: PASS in 2
[P29] precedence calculator (no eval) iterate-until-green
P29: PASS green in 2
[P30] sort-kernel capstone tournament + critic + bench
P30: cand_1 verdict=CLEAN score=6.6912
P30: cand_2 verdict=CLEAN score=0.3015
P30: PASS champion=cand_1 @ 6.6912
==== fleet-gemma4-31b-20260705-2040 DONE Mon Jul  6 01:35:07 CDT 2026 ====
===== SUMMARY (fleet-gemma4-31b-20260705-2040 / gemma4-31b) =====
P1: PASS
P2: PASS
P3: PASS green in 2
P4: FAIL after 6
P5: PASS 34.9116 GFLOP/s
P6: PASS critic+verifier in 1
P7: PASS
P8: PASS in 2
P9: PASS champion=cand_1 @ 12.880
P10: PASS champion=cand_2 @ 36.0729
P1: PASS  [resumed-skip]
P2: PASS  [resumed-skip]
P3: PASS green in 2  [resumed-skip]
P1: PASS  [resumed-skip]  [resumed-skip]
P2: PASS  [resumed-skip]  [resumed-skip]
P3: PASS green in 2  [resumed-skip]  [resumed-skip]
P4: FAIL after 6
P5: PASS 34.9116 GFLOP/s  [resumed-skip]
P6: PASS critic+verifier in 1  [resumed-skip]
P7: PASS  [resumed-skip]
P8: PASS in 2  [resumed-skip]
P9: PASS champion=cand_1 @ 12.880  [resumed-skip]
P10: PASS champion=cand_2 @ 36.0729  [resumed-skip]
P11: PASS green in 2
P12: PASS in 2
P13: PASS green in 2
P14: PASS in 2
P15: PASS 25.7415 Mtok/s
P16: PASS critic+verifier in 2
P17: PASS
P18: PASS in 2
P19: PASS champion=cand_4 @ 197.1933
P20: PASS green in 2
P21: PASS in 2
P22: PASS green in 2
P23: PASS 218.8104 Mn/s
P24: PASS critic+verifier in 3
P25: PASS
P26: PASS in 2
P27: PASS champion=cand_2 @ 0.3401
P28: PASS in 2
P29: PASS green in 2
P30: PASS champion=cand_1 @ 6.6912
SCORE: 41/30 passed
