==== fleet-uic-gemma4-26b-q4-20260705-2040 (uic-gemma4-26b-q4) START Sun Jul  5 20:40:19 CDT 2026 ====
[P1] stats CLI
P1: PASS
[P2] LRU cache + bundled tests
P2: PASS
[P3] Roman numerals iterate-until-green
P3: PASS green in 6
[P4] stable softmax vs oracle
P4: PASS in 5
[P5] matmul GFLOP/s
P5: round 4 -> 34.4325 GFLOP/s
P5: PASS 34.4325 GFLOP/s
[P6] reproducible FP reduction
P6: FAIL
[P7] parallel backends fan-out
P7: PASS
[P8] ODE convergence + reflection
P8: PASS in 2
P8: memory.md      209->     328 bytes
[P9] levenshtein tournament best-of-4
P9: cand_2 score=19.242
P9: cand_3 score=22.970
P9: PASS champion=cand_3 @ 22.970
[P10] prime sieve capstone
P10: cand_1 verdict= score=35.4037
P10: cand_3 verdict= score=33.6672
P10: PASS champion=cand_1 @ 35.4037
[P11] balanced parens iterate-until-green
P11: PASS green in 2
[P12] base-N conversion oracle
P12: PASS in 2
[P13] mini-JSON parser iterate-until-green
P13: PASS green in 3
[P14] weighted Dijkstra vs BFS-ref oracle
P14: PASS in 2
[P15] word-frequency top-k measurement (Mtok/s)
P15: round 1 -> 0.1093 Mtok/s
P15: round 2 -> 27.6025 Mtok/s
P15: PASS 27.6025 Mtok/s
[P16] thread-safe counter generator+critic
P16: PASS critic+verifier in 1
[P17] serializer fan-out (csv/kv/pylit + codec)
P17: FAIL
[P18] Welford online variance reflection
P18: PASS in 2
[P19] fast-doubling Fibonacci tournament
P19: cand_2 score=187.3127
P19: PASS champion=cand_2 @ 187.3127
[P20] TTL-LRU with injected clock iterate-until-green
P20: PASS green in 2
[P21] interval merge oracle
P21: PASS in 2
[P22] toposort + cycle detect iterate-until-green
P22: PASS green in 2
[P23] prime-count sieve measurement (Mn/s)
P23: round 1 -> 0.1450 Mn/s
P23: round 2 -> 0.1129 Mn/s
P23: round 3 -> 0.1374 Mn/s
P23: STOP plateau best=0.1450
[P24] token-bucket rate limiter generator+critic
P24: FAIL
[P25] 3-stage stats pipeline fan-out
