==== fleet-gemma4-e2b-20260705-2040 (gemma4-e2b) START Sun Jul  5 20:40:19 CDT 2026 ====
[P1] stats CLI
P1: PASS
[P2] LRU cache + bundled tests
P2: PASS
[P3] Roman numerals iterate-until-green
P3: PASS green in 3
[P4] stable softmax vs oracle
P4: FAIL after 6
[P5] matmul GFLOP/s
P5: round 2 -> 0.0043 GFLOP/s
P5: round 5 -> 11.9128 GFLOP/s
P5: PASS 11.9128 GFLOP/s
[P6] reproducible FP reduction
P6: PASS critic+verifier in 1
[P7] parallel backends fan-out
P7: FAIL
[P8] ODE convergence + reflection
P8: PASS in 4
P8: memory.md     1765->     424 bytes
[P9] levenshtein tournament best-of-4
P9: cand_1 score=10.409
P9: cand_2 score=11.352
P9: cand_3 score=11.412
P9: cand_4 score=11.344
P9: PASS champion=cand_3 @ 11.412
[P10] prime sieve capstone
P10: cand_1 verdict=CLEAN score=0
P10: cand_2 verdict=FIXED score=0
P10: cand_3 verdict=FIXED score=0
P10: FAIL no correct candidate
[P11] balanced parens iterate-until-green
P11: PASS green in 2
[P12] base-N conversion oracle
P12: PASS in 3
[P13] mini-JSON parser iterate-until-green
P13: PASS green in 6
[P14] weighted Dijkstra vs BFS-ref oracle
P14: FAIL after 5
[P15] word-frequency top-k measurement (Mtok/s)
P15: round 1 -> 0.1161 Mtok/s
P15: round 2 -> 0.1076 Mtok/s
P15: round 3 -> 27.4145 Mtok/s
P15: PASS 27.4145 Mtok/s
[P16] thread-safe counter generator+critic
P16: PASS critic+verifier in 2
[P17] serializer fan-out (csv/kv/pylit + codec)
P17: FAIL
[P18] Welford online variance reflection
P18: PASS in 2
[P19] fast-doubling Fibonacci tournament
P19: cand_1 score=25.8732
P19: cand_2 score=25.2077
P19: cand_3 score=25.3364
P19: cand_4 score=0
P19: PASS champion=cand_1 @ 25.8732
[P20] TTL-LRU with injected clock iterate-until-green
P20: FAIL after 5
[P21] interval merge oracle
P21: PASS in 2
[P22] toposort + cycle detect iterate-until-green
P22: PASS green in 2
[P23] prime-count sieve measurement (Mn/s)
P23: round 1 -> 0.1413 Mn/s
P23: round 4 -> 6.5914 Mn/s
[P24] token-bucket rate limiter generator+critic
P24: FAIL
[P25] 3-stage stats pipeline fan-out
P25: FAIL
[P26] Newton sqrt to full precision reflection
P26: PASS in 2
[P27] overlapping substring count tournament
P27: cand_1 score=0.2590
P27: cand_2 score=0.0952
P27: cand_3 score=0.2688
P27: cand_4 score=0.0938
P27: PASS champion=cand_3 @ 0.2688
[P28] matrix determinant vs numpy oracle
P28: PASS in 2
[P29] precedence calculator (no eval) iterate-until-green
P29: FAIL after 6
[P30] sort-kernel capstone tournament + critic + bench
P30: cand_1 verdict=CLEAN score=0.2300
P30: cand_2 verdict=CLEAN score=0.2338
P30: cand_3 verdict=CLEAN score=0.1995
P30: PASS champion=cand_2 @ 0.2338
==== fleet-gemma4-e2b-20260705-2040 DONE Sun Jul  5 21:42:37 CDT 2026 ====
===== SUMMARY (fleet-gemma4-e2b-20260705-2040 / gemma4-e2b) =====
P1: PASS
P2: PASS
P3: PASS green in 3
P4: FAIL after 6
P5: PASS 11.9128 GFLOP/s
P6: PASS critic+verifier in 1
P7: FAIL
P8: PASS in 4
P9: PASS champion=cand_3 @ 11.412
P10: FAIL no correct candidate
P11: PASS green in 2
P12: PASS in 3
P13: PASS green in 6
P14: FAIL after 5
P15: PASS 27.4145 Mtok/s
P16: PASS critic+verifier in 2
P17: FAIL
P18: PASS in 2
P19: PASS champion=cand_1 @ 25.8732
P20: FAIL after 5
P21: PASS in 2
P22: PASS green in 2
P24: FAIL
P25: FAIL
P26: PASS in 2
P27: PASS champion=cand_3 @ 0.2688
P28: PASS in 2
P29: FAIL after 6
P30: PASS champion=cand_2 @ 0.2338
SCORE: 20/30 passed
