[resume] carrying 10 prior PASS problems: P14 P10 P11 P12 P13 P8 P5 P7 P1 P2
==== fleet-uic-gemma4-26b-q8-20260705-2040 (uic-gemma4-26b-q8) START Sun Jul  5 22:33:55 CDT 2026 ====
P1: PASS  [resumed-skip]
P2: PASS  [resumed-skip]
[P3] Roman numerals iterate-until-green
P3: FAIL after 8
[P4] stable softmax vs oracle
P4: PASS in 1
P5: PASS 36.8090 GFLOP/s  [resumed-skip]
[P6] reproducible FP reduction
P6: FAIL
P7: PASS  [resumed-skip]
P8: PASS in 3  [resumed-skip]
[P9] levenshtein tournament best-of-4
P9: cand_1 score=25.703
P9: PASS champion=cand_1 @ 25.703
P10: PASS champion=cand_2 @ 34.8101  [resumed-skip]
P11: PASS green in 2  [resumed-skip]
P12: PASS in 2  [resumed-skip]
P13: PASS green in 2  [resumed-skip]
P14: PASS in 2  [resumed-skip]
[P15] word-frequency top-k measurement (Mtok/s)
P15: round 1 -> 0.1221 Mtok/s
P15: round 2 -> 28.6767 Mtok/s
P15: PASS 28.6767 Mtok/s
[P16] thread-safe counter generator+critic
P16: PASS critic+verifier in 3
[P17] serializer fan-out (csv/kv/pylit + codec)
P17: PASS
[P18] Welford online variance reflection
P18: PASS in 2
[P19] fast-doubling Fibonacci tournament
P19: cand_2 score=202.7455
P19: cand_3 score=201.0926
P19: PASS champion=cand_2 @ 202.7455
[P20] TTL-LRU with injected clock iterate-until-green
P20: PASS green in 2
[P21] interval merge oracle
P21: PASS in 2
[P22] toposort + cycle detect iterate-until-green
P22: PASS green in 2
[P23] prime-count sieve measurement (Mn/s)
P23: round 1 -> 0.1483 Mn/s
P23: round 2 -> 0.1494 Mn/s
P23: round 3 -> 0.1437 Mn/s
P23: round 4 -> 0.1422 Mn/s
P23: STOP plateau best=0.1494
[P24] token-bucket rate limiter generator+critic
P24: FAIL
[P25] 3-stage stats pipeline fan-out
P25: FAIL
[P26] Newton sqrt to full precision reflection
P26: PASS in 2
[P27] overlapping substring count tournament
P27: cand_1 score=0.2592
P27: cand_2 score=0.2746
P27: cand_4 score=0.2704
P27: PASS champion=cand_2 @ 0.2746
[P28] matrix determinant vs numpy oracle
P28: PASS in 2
[P29] precedence calculator (no eval) iterate-until-green
P29: PASS green in 2
[P30] sort-kernel capstone tournament + critic + bench
P30: FAIL no correct candidate
==== fleet-uic-gemma4-26b-q8-20260705-2040 DONE Mon Jul  6 00:14:45 CDT 2026 ====
===== SUMMARY (fleet-uic-gemma4-26b-q8-20260705-2040 / uic-gemma4-26b-q8) =====
P1: PASS
P2: PASS
P3: FAIL after 8
P4: FAIL after 6
P5: PASS 36.8090 GFLOP/s
P6: FAIL
P7: PASS
P8: PASS in 3
P9: FAIL no correct candidate
P10: PASS champion=cand_2 @ 34.8101
P11: PASS green in 2
P12: PASS in 2
P13: PASS green in 2
P14: PASS in 2
P1: PASS  [resumed-skip]
P2: PASS  [resumed-skip]
P3: FAIL after 8
P4: PASS in 1
P5: PASS 36.8090 GFLOP/s  [resumed-skip]
P6: FAIL
P7: PASS  [resumed-skip]
P8: PASS in 3  [resumed-skip]
P9: PASS champion=cand_1 @ 25.703
P10: PASS champion=cand_2 @ 34.8101  [resumed-skip]
P11: PASS green in 2  [resumed-skip]
P12: PASS in 2  [resumed-skip]
P13: PASS green in 2  [resumed-skip]
P14: PASS in 2  [resumed-skip]
P15: PASS 28.6767 Mtok/s
P16: PASS critic+verifier in 3
P17: PASS
P18: PASS in 2
P19: PASS champion=cand_2 @ 202.7455
P20: PASS green in 2
P21: PASS in 2
P22: PASS green in 2
P23: STOP plateau best=0.1494
P24: FAIL
P25: FAIL
P26: PASS in 2
P27: PASS champion=cand_2 @ 0.2746
P28: PASS in 2
P29: PASS green in 2
P30: FAIL no correct candidate
SCORE: 34/30 passed
