[resume] carrying 20 prior PASS problems: P14 P15 P16 P17 P10 P11 P12 P13 P18 P19 P8 P5 P7 P6 P1 P3 P21 P20 P23 P22
==== fleet-ornith-9b-20260705-2040 (ornith-9b) START Sun Jul  5 22:33:53 CDT 2026 ====
P1: PASS  [resumed-skip]
[P2] LRU cache + bundled tests
P2: PASS
P3: PASS green in 2  [resumed-skip]
[P4] stable softmax vs oracle
P4: PASS in 6
P5: PASS 58.4360 GFLOP/s  [resumed-skip]
P6: PASS critic+verifier in 1  [resumed-skip]
P7: PASS  [resumed-skip]
P8: PASS in 2  [resumed-skip]
[P9] levenshtein tournament best-of-4
P9: cand_1 score=0
P9: cand_2 score=23.906
P9: cand_3 score=0
P9: cand_4 score=0
P9: PASS champion=cand_2 @ 23.906
P10: PASS champion=cand_2 @ 33.0606  [resumed-skip]
P11: PASS green in 2  [resumed-skip]
P12: PASS in 2  [resumed-skip]
P13: PASS green in 4  [resumed-skip]
P14: PASS in 2  [resumed-skip]
P15: PASS 28.2621 Mtok/s  [resumed-skip]
P16: PASS critic+verifier in 1  [resumed-skip]
P17: PASS  [resumed-skip]
P18: PASS in 2  [resumed-skip]
P19: PASS champion=cand_2 @ 191.1163  [resumed-skip]
P20: PASS green in 2  [resumed-skip]
P21: PASS in 2  [resumed-skip]
P22: PASS green in 2  [resumed-skip]
P23: PASS 120.3882 Mn/s  [resumed-skip]
[P24] token-bucket rate limiter generator+critic
P24: PASS critic+verifier in 2
[P25] 3-stage stats pipeline fan-out
P25: PASS
[P26] Newton sqrt to full precision reflection
P26: PASS in 2
[P27] overlapping substring count tournament
P27: cand_1 score=0.1116
P27: cand_2 score=0.0814
P27: cand_3 score=0.0975
P27: cand_4 score=0.0946
P27: PASS champion=cand_1 @ 0.1116
[P28] matrix determinant vs numpy oracle
P28: PASS in 2
[P29] precedence calculator (no eval) iterate-until-green
P29: PASS green in 2
[P30] sort-kernel capstone tournament + critic + bench
P30: cand_1 verdict=VERDICT: CLEAN score=1.5374
