==== fleet-uic-ornith-35b-20260705-2040 (uic-ornith-35b) START Sun Jul  5 20:40:19 CDT 2026 ====
[P1] stats CLI
P1: PASS
[P2] LRU cache + bundled tests
P2: PASS
[P3] Roman numerals iterate-until-green
P3: PASS green in 2
[P4] stable softmax vs oracle
P4: FAIL after 6
[P5] matmul GFLOP/s
P5: round 3 -> 25.5466 GFLOP/s
P5: PASS 25.5466 GFLOP/s
[P6] reproducible FP reduction
P6: PASS critic+verifier in 1
[P7] parallel backends fan-out
P7: PASS
[P8] ODE convergence + reflection
P8: PASS in 2
P8: memory.md      424->     783 bytes
[P9] levenshtein tournament best-of-4
P9: cand_1 score=0
P9: cand_2 score=0
P9: cand_3 score=0
P9: cand_4 score=0
P9: FAIL no correct candidate
[P10] prime sieve capstone
P10: cand_2 verdict= score=0
P10: cand_3 verdict= score=0
P10: FAIL no correct candidate
[P11] balanced parens iterate-until-green
P11: PASS green in 2
[P12] base-N conversion oracle
P12: PASS in 4
[P13] mini-JSON parser iterate-until-green
P13: FAIL after 6
[P14] weighted Dijkstra vs BFS-ref oracle
P14: PASS in 2
[P15] word-frequency top-k measurement (Mtok/s)
P15: round 1 -> 0.1128 Mtok/s
P15: round 2 -> 26.6914 Mtok/s
P15: PASS 26.6914 Mtok/s
[P16] thread-safe counter generator+critic
P16: PASS critic+verifier in 3
[P17] serializer fan-out (csv/kv/pylit + codec)
P17: FAIL
[P18] Welford online variance reflection
P18: PASS in 2
[P19] fast-doubling Fibonacci tournament
P19: cand_2 score=194.8210
P19: cand_3 score=201.1044
P19: cand_4 score=182.5984
P19: PASS champion=cand_3 @ 201.1044
[P20] TTL-LRU with injected clock iterate-until-green
P20: PASS green in 2
[P21] interval merge oracle
P21: PASS in 2
[P22] toposort + cycle detect iterate-until-green
P22: PASS green in 2
[P23] prime-count sieve measurement (Mn/s)
P23: round 1 -> 0.1388 Mn/s
P23: round 2 -> 185.2123 Mn/s
P23: PASS 185.2123 Mn/s
[P24] token-bucket rate limiter generator+critic
P24: FAIL
[P25] 3-stage stats pipeline fan-out
P25: PASS
[P26] Newton sqrt to full precision reflection
P26: FAIL after 5
[P27] overlapping substring count tournament
P27: cand_1 score=0.2483
P27: cand_2 score=0.0525
P27: cand_3 score=0
P27: cand_4 score=0.0695
P27: PASS champion=cand_1 @ 0.2483
[P28] matrix determinant vs numpy oracle
P28: PASS in 2
[P29] precedence calculator (no eval) iterate-until-green
/Users/stevens/pi-problems-30/run_model_30.sh: line 484: 72767 Killed: 9                  ( cd "$ROOT/p29" && "$PYTEST" -q test_thing.py ) > /dev/null 2>&1
P29: PASS green in 4
[P30] sort-kernel capstone tournament + critic + bench
P30: cand_2 verdict=CLEAN score=1.3322
P30: cand_3 verdict= score=0
P30: PASS champion=cand_2 @ 1.3322
==== fleet-uic-ornith-35b-20260705-2040 DONE Sun Jul  5 22:09:22 CDT 2026 ====
===== SUMMARY (fleet-uic-ornith-35b-20260705-2040 / uic-ornith-35b) =====
P1: PASS
P2: PASS
P3: PASS green in 2
P4: FAIL after 6
P5: PASS 25.5466 GFLOP/s
P6: PASS critic+verifier in 1
P7: PASS
P8: PASS in 2
P9: FAIL no correct candidate
P10: FAIL no correct candidate
P11: PASS green in 2
P12: PASS in 4
P13: FAIL after 6
P14: PASS in 2
P15: PASS 26.6914 Mtok/s
P16: PASS critic+verifier in 3
P17: FAIL
P18: PASS in 2
P19: PASS champion=cand_3 @ 201.1044
P20: PASS green in 2
P21: PASS in 2
P22: PASS green in 2
P23: PASS 185.2123 Mn/s
P24: FAIL
P25: PASS
P26: FAIL after 5
P27: PASS champion=cand_1 @ 0.2483
P28: PASS in 2
P29: PASS green in 4
P30: PASS champion=cand_2 @ 1.3322
SCORE: 23/30 passed
